ERROR: expression value 'drop' can only be used as a map key