ERROR: expression value 'drop' cannot be a substring