ERROR: <None>
OUTPUT:
---
fruit:
  - peach
  - banana
vegetable:
  - carrot