ERROR: expression value 'inline' can only be used as a map key