ERROR: expression value 'inline' cannot be a substring