ERROR: <None>
OUTPUT:
---
animals:
  - cat:
      motion: pounce
  - dog:
      motion: run